[    0.000000] Linux version 4.15.0-96-generic (buildd@lgw01-amd64-004) (gcc version 7.5.0 (Ubuntu 7.5.0-3ubuntu1~18.04)) #97-Ubuntu SMP Wed Apr 1 03:25:46 UTC 2020 (Ubuntu 4.15.0-96.97-generic 4.15.18)
[    0.000000] Command line: BOOT_IMAGE=/boot/vmlinuz-4.15.0-96-generic root=LABEL=cloudimg-rootfs ro console=tty1 console=ttyS0
[    0.000000] KERNEL supported cpus:
[    0.000000]   Intel GenuineIntel
[    0.000000]   AMD AuthenticAMD
[    0.000000]   Centaur CentaurHauls
[    0.000000] x86/fpu: Supporting XSAVE feature 0x001: 'x87 floating point registers'
[    0.000000] x86/fpu: Supporting XSAVE feature 0x002: 'SSE registers'
[    0.000000] x86/fpu: Supporting XSAVE feature 0x004: 'AVX registers'
[    0.000000] x86/fpu: xstate_offset[2]:  576, xstate_sizes[2]:  256
[    0.000000] x86/fpu: Enabled xstate features 0x7, context size is 832 bytes, using 'standard' format.
[    0.000000] e820: BIOS-provided physical RAM map:
[    0.000000] BIOS-e820: [mem 0x0000000000000000-0x000000000009fbff] usable
[    0.000000] BIOS-e820: [mem 0x000000000009fc00-0x000000000009ffff] reserved
[    0.000000] BIOS-e820: [mem 0x00000000000f0000-0x00000000000fffff] reserved
[    0.000000] BIOS-e820: [mem 0x0000000000100000-0x000000003ffeffff] usable
[    0.000000] BIOS-e820: [mem 0x000000003fff0000-0x000000003fffffff] ACPI data
[    0.000000] BIOS-e820: [mem 0x00000000fec00000-0x00000000fec00fff] reserved
[    0.000000] BIOS-e820: [mem 0x00000000fee00000-0x00000000fee00fff] reserved
[    0.000000] BIOS-e820: [mem 0x00000000fffc0000-0x00000000ffffffff] reserved
[    0.000000] NX (Execute Disable) protection: active
[    0.000000] SMBIOS 2.5 present.
[    0.000000] DMI: innotek GmbH VirtualBox/VirtualBox, BIOS VirtualBox 12/01/2006
[    0.000000] Hypervisor detected: KVM
[    0.000000] e820: last_pfn = 0x3fff0 max_arch_pfn = 0x400000000
[    0.000000] MTRR: Disabled
[    0.000000] x86/PAT: MTRRs disabled, skipping PAT initialization too.
[    0.000000] CPU MTRRs all blank - virtualized system.
[    0.000000] x86/PAT: Configuration [0-7]: WB  WT  UC- UC  WB  WT  UC- UC  
[    0.000000] found SMP MP-table at [mem 0x0009fff0-0x0009ffff]
[    0.000000] Scanning 1 areas for low memory corruption
[    0.000000] RAMDISK: [mem 0x35a6b000-0x36d2cfff]
[    0.000000] ACPI: Early table checksum verification disabled
[    0.000000] ACPI: RSDP 0x00000000000E0000 000024 (v02 VBOX  )
[    0.000000] ACPI: XSDT 0x000000003FFF0030 00003C (v01 VBOX   VBOXXSDT 00000001 ASL  00000061)
[    0.000000] ACPI: FACP 0x000000003FFF00F0 0000F4 (v04 VBOX   VBOXFACP 00000001 ASL  00000061)
[    0.000000] ACPI: DSDT 0x000000003FFF0470 002325 (v02 VBOX   VBOXBIOS 00000002 INTL 20100528)
[    0.000000] ACPI: FACS 0x000000003FFF0200 000040
[    0.000000] ACPI: FACS 0x000000003FFF0200 000040
[    0.000000] ACPI: APIC 0x000000003FFF0240 00005C (v02 VBOX   VBOXAPIC 00000001 ASL  00000061)
[    0.000000] ACPI: SSDT 0x000000003FFF02A0 0001CC (v01 VBOX   VBOXCPUT 00000002 INTL 20100528)
[    0.000000] No NUMA configuration found
[    0.000000] Faking a node at [mem 0x0000000000000000-0x000000003ffeffff]
[    0.000000] NODE_DATA(0) allocated [mem 0x3ffc5000-0x3ffeffff]
[    0.000000] kvm-clock: cpu 0, msr 0:3ff44001, primary cpu clock
[    0.000000] kvm-clock: Using msrs 4b564d01 and 4b564d00
[    0.000000] kvm-clock: using sched offset of 5134638587 cycles
[    0.000000] clocksource: kvm-clock: mask: 0xffffffffffffffff max_cycles: 0x1cd42e4dffb, max_idle_ns: 881590591483 ns
[    0.000000] Zone ranges:
[    0.000000]   DMA      [mem 0x0000000000001000-0x0000000000ffffff]
[    0.000000]   DMA32    [mem 0x0000000001000000-0x000000003ffeffff]
[    0.000000]   Normal   empty
[    0.000000]   Device   empty
[    0.000000] Movable zone start for each node
[    0.000000] Early memory node ranges
[    0.000000]   node   0: [mem 0x0000000000001000-0x000000000009efff]
[    0.000000]   node   0: [mem 0x0000000000100000-0x000000003ffeffff]
[    0.000000] Reserved but unavailable: 98 pages
[    0.000000] Initmem setup node 0 [mem 0x0000000000001000-0x000000003ffeffff]
[    0.000000] ACPI: PM-Timer IO Port: 0x4008
[    0.000000] IOAPIC[0]: apic_id 2, version 32, address 0xfec00000, GSI 0-23
[    0.000000] ACPI: INT_SRC_OVR (bus 0 bus_irq 0 global_irq 2 dfl dfl)
[    0.000000] ACPI: INT_SRC_OVR (bus 0 bus_irq 9 global_irq 9 low level)
[    0.000000] Using ACPI (MADT) for SMP configuration information
[    0.000000] smpboot: Allowing 2 CPUs, 0 hotplug CPUs
[    0.000000] PM: Registered nosave memory: [mem 0x00000000-0x00000fff]
[    0.000000] PM: Registered nosave memory: [mem 0x0009f000-0x0009ffff]
[    0.000000] PM: Registered nosave memory: [mem 0x000a0000-0x000effff]
[    0.000000] PM: Registered nosave memory: [mem 0x000f0000-0x000fffff]
[    0.000000] e820: [mem 0x40000000-0xfebfffff] available for PCI devices
[    0.000000] Booting paravirtualized kernel on KVM
[    0.000000] clocksource: refined-jiffies: mask: 0xffffffff max_cycles: 0xffffffff, max_idle_ns: 7645519600211568 ns
[    0.000000] random: get_random_bytes called from start_kernel+0x99/0x4fd with crng_init=0
[    0.000000] setup_percpu: NR_CPUS:8192 nr_cpumask_bits:2 nr_cpu_ids:2 nr_node_ids:1
[    0.000000] percpu: Embedded 45 pages/cpu s147456 r8192 d28672 u1048576
[    0.000000] PV qspinlock hash table entries: 256 (order: 0, 4096 bytes)
[    0.000000] Built 1 zonelists, mobility grouping on.  Total pages: 257913
[    0.000000] Policy zone: DMA32
[    0.000000] Kernel command line: BOOT_IMAGE=/boot/vmlinuz-4.15.0-96-generic root=LABEL=cloudimg-rootfs ro console=tty1 console=ttyS0
[    0.000000] Memory: 983060K/1048120K available (12300K kernel code, 2481K rwdata, 4264K rodata, 2432K init, 2712K bss, 65060K reserved, 0K cma-reserved)
[    0.000000] SLUB: HWalign=64, Order=0-3, MinObjects=0, CPUs=2, Nodes=1
[    0.000000] Kernel/User page tables isolation: enabled
[    0.000000] ftrace: allocating 39351 entries in 154 pages
[    0.004000] Hierarchical RCU implementation.
[    0.004000] 	RCU restricting CPUs from NR_CPUS=8192 to nr_cpu_ids=2.
[    0.004000] 	Tasks RCU enabled.
[    0.004000] RCU: Adjusting geometry for rcu_fanout_leaf=16, nr_cpu_ids=2
[    0.004000] NR_IRQS: 524544, nr_irqs: 440, preallocated irqs: 16
[    0.004000] Console: colour VGA+ 80x25
[    0.004000] console [tty1] enabled
[    0.004000] console [ttyS0] enabled
[    0.004000] ACPI: Core revision 20170831
[    0.004000] ACPI: 2 ACPI AML tables successfully acquired and loaded
[    0.004000] APIC: Switch to symmetric I/O mode setup
[    0.004063] x2apic enabled
[    0.006078] Switched APIC routing to physical x2apic.
[    0.010110] ..TIMER: vector=0x30 apic1=0 pin1=2 apic2=-1 pin2=-1
[    0.012005] tsc: Detected 2299.998 MHz processor
[    0.016016] Calibrating delay loop (skipped) preset value.. 4599.99 BogoMIPS (lpj=9199992)
[    0.020005] pid_max: default: 32768 minimum: 301
[    0.023236] Security Framework initialized
[    0.024008] Yama: becoming mindful.
[    0.028091] AppArmor: AppArmor initialized
[    0.034001] Dentry cache hash table entries: 131072 (order: 8, 1048576 bytes)
[    0.036095] Inode-cache hash table entries: 65536 (order: 7, 524288 bytes)
[    0.040249] Mount-cache hash table entries: 2048 (order: 2, 16384 bytes)
[    0.044018] Mountpoint-cache hash table entries: 2048 (order: 2, 16384 bytes)
[    0.048468] Last level iTLB entries: 4KB 1024, 2MB 1024, 4MB 1024
[    0.052006] Last level dTLB entries: 4KB 1024, 2MB 1024, 4MB 1024, 1GB 4
[    0.056009] Spectre V1 : Mitigation: usercopy/swapgs barriers and __user pointer sanitization
[    0.060009] Spectre V2 : Mitigation: Full generic retpoline
[    0.064008] Spectre V2 : Spectre v2 / SpectreRSB mitigation: Filling RSB on context switch
[    0.068007] Speculative Store Bypass: Vulnerable
[    0.072054] MDS: Vulnerable: Clear CPU buffers attempted, no microcode
[    0.074693] Freeing SMP alternatives memory: 36K
[    0.188163] smpboot: CPU0: Intel(R) Core(TM) i7-4650U CPU @ 1.70GHz (family: 0x6, model: 0x45, stepping: 0x1)
[    0.192299] Performance Events: unsupported p6 CPU model 69 no PMU driver, software events only.
[    0.196153] Hierarchical SRCU implementation.
[    0.201145] NMI watchdog: Perf event create on CPU 0 failed with -2
[    0.204009] NMI watchdog: Perf NMI watchdog permanently disabled
[    0.208222] smp: Bringing up secondary CPUs ...
[    0.212326] x86: Booting SMP configuration:
[    0.215111] .... node  #0, CPUs:      #1
[    0.004000] kvm-clock: cpu 1, msr 0:3ff44041, secondary cpu clock
[    0.222146] smp: Brought up 1 node, 2 CPUs
[    0.224082] smpboot: Max logical packages: 1
[    0.228014] smpboot: Total of 2 processors activated (9199.99 BogoMIPS)
[    0.232306] devtmpfs: initialized
[    0.236273] x86/mm: Memory block size: 128MB
[    0.240336] evm: security.selinux
[    0.244004] evm: security.SMACK64
[    0.248007] evm: security.SMACK64EXEC
[    0.250491] evm: security.SMACK64TRANSMUTE
[    0.252006] evm: security.SMACK64MMAP
[    0.256011] evm: security.apparmor
[    0.260007] evm: security.ima
[    0.262693] evm: security.capability
[    0.264448] clocksource: jiffies: mask: 0xffffffff max_cycles: 0xffffffff, max_idle_ns: 7645041785100000 ns
[    0.268038] futex hash table entries: 512 (order: 3, 32768 bytes)
[    0.274092] pinctrl core: initialized pinctrl subsystem
[    0.276612] RTC time: 13:15:08, date: 07/28/20
[    0.285315] NET: Registered protocol family 16
[    0.288303] audit: initializing netlink subsys (disabled)
[    0.292292] audit: type=2000 audit(1595942115.074:1): state=initialized audit_enabled=0 res=1
[    0.300015] cpuidle: using governor ladder
[    0.304024] cpuidle: using governor menu
[    0.305300] ACPI: bus type PCI registered
[    0.306753] acpiphp: ACPI Hot Plug PCI Controller Driver version: 0.5
[    0.308154] PCI: Using configuration type 1 for base access
[    0.313492] HugeTLB registered 2.00 MiB page size, pre-allocated 0 pages
[    0.316123] ACPI: Added _OSI(Module Device)
[    0.320011] ACPI: Added _OSI(Processor Device)
[    0.323466] ACPI: Added _OSI(3.0 _SCP Extensions)
[    0.324006] ACPI: Added _OSI(Processor Aggregator Device)
[    0.328023] ACPI: Added _OSI(Linux-Dell-Video)
[    0.332026] ACPI: Added _OSI(Linux-Lenovo-NV-HDMI-Audio)
[    0.334652] ACPI: Added _OSI(Linux-HPI-Hybrid-Graphics)
[    0.336617] ACPI: Executed 1 blocks of module-level executable AML code
[    0.346027] ACPI: Interpreter enabled
[    0.348044] ACPI: (supports S0 S5)
[    0.352012] ACPI: Using IOAPIC for interrupt routing
[    0.356281] PCI: Using host bridge windows from ACPI; if necessary, use "pci=nocrs" and report a bug
[    0.360474] ACPI: Enabled 2 GPEs in block 00 to 07
[    0.379231] ACPI: PCI Root Bridge [PCI0] (domain 0000 [bus 00-ff])
[    0.380019] acpi PNP0A03:00: _OSC: OS supports [ASPM ClockPM Segments MSI]
[    0.390960] acpi PNP0A03:00: _OSC: not requesting OS control; OS requires [ExtendedConfig ASPM ClockPM MSI]
[    0.392024] acpi PNP0A03:00: fail to add MMCONFIG information, can't access extended PCI configuration space under this bridge.
[    0.400628] PCI host bridge to bus 0000:00
[    0.404212] pci_bus 0000:00: root bus resource [io  0x0000-0x0cf7 window]
[    0.408012] pci_bus 0000:00: root bus resource [io  0x0d00-0xffff window]
[    0.412015] pci_bus 0000:00: root bus resource [mem 0x000a0000-0x000bffff window]
[    0.416014] pci_bus 0000:00: root bus resource [mem 0x40000000-0xfdffffff window]
[    0.420014] pci_bus 0000:00: root bus resource [bus 00-ff]
[    0.447115] pci 0000:00:01.1: legacy IDE quirk: reg 0x10: [io  0x01f0-0x01f7]
[    0.448096] pci 0000:00:01.1: legacy IDE quirk: reg 0x14: [io  0x03f6]
[    0.452011] pci 0000:00:01.1: legacy IDE quirk: reg 0x18: [io  0x0170-0x0177]
[    0.456049] pci 0000:00:01.1: legacy IDE quirk: reg 0x1c: [io  0x0376]
[    0.521892] pci 0000:00:07.0: quirk: [io  0x4000-0x403f] claimed by PIIX4 ACPI
[    0.524166] pci 0000:00:07.0: quirk: [io  0x4100-0x410f] claimed by PIIX4 SMB
[    0.550251] ACPI: PCI Interrupt Link [LNKA] (IRQs 5 9 10 *11)
[    0.553809] ACPI: PCI Interrupt Link [LNKB] (IRQs 5 9 *10 11)
[    0.556845] ACPI: PCI Interrupt Link [LNKC] (IRQs 5 *9 10 11)
[    0.560642] ACPI: PCI Interrupt Link [LNKD] (IRQs 5 9 10 *11)
[    0.568692] SCSI subsystem initialized
[    0.576217] pci 0000:00:02.0: vgaarb: setting as boot VGA device
[    0.580000] pci 0000:00:02.0: vgaarb: VGA device added: decodes=io+mem,owns=io+mem,locks=none
[    0.580016] pci 0000:00:02.0: vgaarb: bridge control possible
[    0.584006] vgaarb: loaded
[    0.584984] ACPI: bus type USB registered
[    0.588031] usbcore: registered new interface driver usbfs
[    0.590565] usbcore: registered new interface driver hub
[    0.592049] usbcore: registered new device driver usb
[    0.594255] EDAC MC: Ver: 3.0.0
[    0.596738] PCI: Using ACPI for IRQ routing
[    0.600442] NetLabel: Initializing
[    0.601512] NetLabel:  domain hash size = 128
[    0.603569] NetLabel:  protocols = UNLABELED CIPSOv4 CALIPSO
[    0.604027] NetLabel:  unlabeled traffic allowed by default
[    0.608136] clocksource: Switched to clocksource kvm-clock
[    0.625001] VFS: Disk quotas dquot_6.6.0
[    0.626766] VFS: Dquot-cache hash table entries: 512 (order 0, 4096 bytes)
[    0.629512] AppArmor: AppArmor Filesystem Enabled
[    0.632835] pnp: PnP ACPI init
[    0.636190] pnp: PnP ACPI: found 3 devices
[    0.652613] clocksource: acpi_pm: mask: 0xffffff max_cycles: 0xffffff, max_idle_ns: 2085701024 ns
[    0.655637] NET: Registered protocol family 2
[    0.657164] TCP established hash table entries: 8192 (order: 4, 65536 bytes)
[    0.661385] TCP bind hash table entries: 8192 (order: 5, 131072 bytes)
[    0.663418] TCP: Hash tables configured (established 8192 bind 8192)
[    0.665497] UDP hash table entries: 512 (order: 2, 16384 bytes)
[    0.667755] UDP-Lite hash table entries: 512 (order: 2, 16384 bytes)
[    0.670465] NET: Registered protocol family 1
[    0.672713] pci 0000:00:00.0: Limiting direct PCI/PCI transfers
[    0.674952] pci 0000:00:01.0: Activating ISA DMA hang workarounds
[    0.677099] pci 0000:00:02.0: Video device with shadowed ROM at [mem 0x000c0000-0x000dffff]
[    0.680365] Unpacking initramfs...
[    1.085449] Freeing initrd memory: 19208K
[    1.087203] clocksource: tsc: mask: 0xffffffffffffffff max_cycles: 0x212733415c7, max_idle_ns: 440795236380 ns
[    1.090425] platform rtc_cmos: registered platform RTC device (no PNP device found)
[    1.092944] Scanning for low memory corruption every 60 seconds
[    1.096156] Initialise system trusted keyrings
[    1.097591] Key type blacklist registered
[    1.099025] workingset: timestamp_bits=36 max_order=18 bucket_order=0
[    1.102088] zbud: loaded
[    1.103801] squashfs: version 4.0 (2009/01/31) Phillip Lougher
[    1.106651] fuse init (API version 7.26)
[    1.112816] Key type asymmetric registered
[    1.114117] Asymmetric key parser 'x509' registered
[    1.115585] Block layer SCSI generic (bsg) driver version 0.4 loaded (major 246)
[    1.118210] io scheduler noop registered
[    1.119850] io scheduler deadline registered
[    1.121470] io scheduler cfq registered (default)
[    1.123656] ACPI: AC Adapter [AC] (on-line)
[    1.125173] input: Power Button as /devices/LNXSYSTM:00/LNXPWRBN:00/input/input0
[    1.127652] ACPI: Power Button [PWRF]
[    1.129224] input: Sleep Button as /devices/LNXSYSTM:00/LNXSLPBN:00/input/input1
[    1.131858] ACPI: Sleep Button [SLPF]
[    1.135390] ACPI: Battery Slot [BAT0] (battery present)
[    1.138161] Serial: 8250/16550 driver, 32 ports, IRQ sharing enabled
[    1.167814] 00:02: ttyS0 at I/O 0x3f8 (irq = 4, base_baud = 115200) is a 16550A
[    1.177038] Linux agpgart interface v0.103
[    1.182027] loop: module loaded
[    1.184751] scsi host0: ata_piix
[    1.186065] scsi host1: ata_piix
[    1.187303] ata1: PATA max UDMA/33 cmd 0x1f0 ctl 0x3f6 bmdma 0xd000 irq 14
[    1.189617] ata2: PATA max UDMA/33 cmd 0x170 ctl 0x376 bmdma 0xd008 irq 15
[    1.192476] libphy: Fixed MDIO Bus: probed
[    1.194208] tun: Universal TUN/TAP device driver, 1.6
[    1.195985] PPP generic driver version 2.4.2
[    1.197901] ehci_hcd: USB 2.0 'Enhanced' Host Controller (EHCI) Driver
[    1.199850] ehci-pci: EHCI PCI platform driver
[    1.201340] ehci-platform: EHCI generic platform driver
[    1.203168] ohci_hcd: USB 1.1 'Open' Host Controller (OHCI) Driver
[    1.205506] ohci-pci: OHCI PCI platform driver
[    1.206876] ohci-platform: OHCI generic platform driver
[    1.208622] uhci_hcd: USB Universal Host Controller Interface driver
[    1.210557] i8042: PNP: PS/2 Controller [PNP0303:PS2K,PNP0f03:PS2M] at 0x60,0x64 irq 1,12
[    1.213739] serio: i8042 KBD port at 0x60,0x64 irq 1
[    1.215339] serio: i8042 AUX port at 0x60,0x64 irq 12
[    1.217232] mousedev: PS/2 mouse device common for all mice
[    1.220033] input: AT Translated Set 2 keyboard as /devices/platform/i8042/serio0/input/input2
[    1.223076] rtc_cmos rtc_cmos: rtc core: registered rtc_cmos as rtc0
[    1.225164] rtc_cmos rtc_cmos: alarms up to one day, 114 bytes nvram
[    1.227135] i2c /dev entries driver
[    1.228698] device-mapper: uevent: version 1.0.3
[    1.230254] device-mapper: ioctl: 4.37.0-ioctl (2017-09-20) initialised: dm-devel@redhat.com
[    1.233121] ledtrig-cpu: registered to indicate activity on CPUs
[    1.235465] NET: Registered protocol family 10
[    1.242040] Segment Routing with IPv6
[    1.243271] NET: Registered protocol family 17
[    1.244917] Key type dns_resolver registered
[    1.246554] mce: Using 0 MCE banks
[    1.247663] RAS: Correctable Errors collector initialized.
[    1.249449] sched_clock: Marking stable (1249419696, 0)->(1771810529, -522390833)
[    1.252423] registered taskstats version 1
[    1.254003] Loading compiled-in X.509 certificates
[    1.259070] Loaded X.509 cert 'Build time autogenerated kernel key: 244b473b43e18b01f00e37a87f2ecd28620f0244'
[    1.262429] zswap: loaded using pool lzo/zbud
[    1.268230] Key type big_key registered
[    1.269991] Key type trusted registered
[    1.273810] Key type encrypted registered
[    1.275090] AppArmor: AppArmor sha1 policy hashing enabled
[    1.276896] ima: No TPM chip found, activating TPM-bypass! (rc=-19)
[    1.279281] ima: Allocated hash algorithm: sha1
[    1.280809] evm: HMAC attrs: 0x1
[    1.283236]   Magic number: 12:209:282
[    1.287671] tty tty19: hash matches
[    1.291079] rtc_cmos rtc_cmos: setting system clock to 2020-07-28 13:15:09 UTC (1595942109)
[    1.296860] BIOS EDD facility v0.16 2004-Jun-25, 0 devices found
[    1.302416] EDD information not available.
[    1.384496] Freeing unused kernel image memory: 2432K
[    1.784828] Write protecting the kernel read-only data: 20480k
[    1.790113] Freeing unused kernel image memory: 2008K
[    1.794842] Freeing unused kernel image memory: 1880K
[    1.808798] x86/mm: Checked W+X mappings: passed, no W+X pages found.
[    1.812149] x86/mm: Checking user space page tables
[    1.827337] x86/mm: Checked W+X mappings: passed, no W+X pages found.
Loading, please wait...
starting version 237
[    1.939836] Fusion MPT base driver 3.04.20
[    1.941194] Copyright (c) 1999-2008 LSI Corporation
[    1.963122] Fusion MPT SPI Host driver 3.04.20
[    1.965886] e1000: Intel(R) PRO/1000 Network Driver - version 7.3.21-k8-NAPI
[    1.967129] AVX2 version of gcm_enc/dec engaged.
[    1.968778] e1000: Copyright (c) 1999-2006 Intel Corporation.
[    1.975264] AES CTR mode by8 optimization enabled
[    2.150281] input: ImExPS/2 Generic Explorer Mouse as /devices/platform/i8042/serio1/input/input4
[    2.471339] e1000 0000:00:03.0 eth0: (PCI:33MHz:32-bit) 02:43:0e:00:05:fc
[    2.475243] e1000 0000:00:03.0 eth0: Intel(R) PRO/1000 Network Connection
[    2.481429] mptbase: ioc0: Initiating bringup
[    2.485444] e1000 0000:00:03.0 enp0s3: renamed from eth0
[    2.576502] ioc0: LSI53C1030 A0: Capabilities={Initiator}
[    2.825994] scsi host2: ioc0: LSI53C1030 A0, FwRev=00000000h, Ports=1, MaxQ=256, IRQ=20
[    2.996937] scsi 2:0:0:0: Direct-Access     VBOX     HARDDISK         1.0  PQ: 0 ANSI: 5
[    3.032528] scsi target2:0:0: Beginning Domain Validation
[    3.039576] scsi target2:0:0: Domain Validation skipping write tests
[    3.042189] scsi target2:0:0: Ending Domain Validation
[    3.044369] scsi target2:0:0: asynchronous
[    3.046807] scsi 2:0:1:0: Direct-Access     VBOX     HARDDISK         1.0  PQ: 0 ANSI: 5
[    3.080398] scsi target2:0:1: Beginning Domain Validation
[    3.085786] random: fast init done
[    3.091326] scsi target2:0:1: Domain Validation skipping write tests
[    3.095223] scsi target2:0:1: Ending Domain Validation
[    3.099223] scsi target2:0:1: asynchronous
[    3.115566] random: systemd-udevd: uninitialized urandom read (16 bytes read)
[    3.119579] random: systemd-udevd: uninitialized urandom read (16 bytes read)
[    3.119755] sd 2:0:0:0: Attached scsi generic sg0 type 0
[    3.130018] random: systemd-udevd: uninitialized urandom read (16 bytes read)
[    3.145458] sd 2:0:0:0: [sda] 20971520 512-byte logical blocks: (10.7 GB/10.0 GiB)
[    3.151604] sd 2:0:0:0: [sda] Write Protect is off
[    3.158836] sd 2:0:1:0: Attached scsi generic sg1 type 0
[    3.159980] sd 2:0:0:0: [sda] Incomplete mode parameter data
[    3.169103] sd 2:0:1:0: [sdb] 20480 512-byte logical blocks: (10.5 MB/10.0 MiB)
[    3.179355] sd 2:0:0:0: [sda] Assuming drive cache: write through
[    3.183663] sd 2:0:1:0: [sdb] Write Protect is off
[    3.187989] sd 2:0:1:0: [sdb] Incomplete mode parameter data
[    3.189572]  sda: sda1
[    3.191288] sd 2:0:1:0: [sdb] Assuming drive cache: write through
[    3.197445] sd 2:0:0:0: [sda] Attached SCSI disk
[    3.200525] sd 2:0:1:0: [sdb] Attached SCSI disk
Begin: Loading essential drivers ... [    4.752340] raid6: sse2x1   gen()  7521 MB/s
[    4.804089] raid6: sse2x1   xor()  3866 MB/s
[    4.852207] raid6: sse2x2   gen()  5017 MB/s
[    4.900697] raid6: sse2x2   xor()  3537 MB/s
[    4.948371] raid6: sse2x4   gen()  5878 MB/s
[    4.996201] raid6: sse2x4   xor()  5452 MB/s
[    5.044740] raid6: avx2x1   gen() 12170 MB/s
[    5.092251] raid6: avx2x1   xor()  4577 MB/s
[    5.140562] raid6: avx2x2   gen() 11183 MB/s
[    5.188294] raid6: avx2x2   xor() 14250 MB/s
[    5.236255] raid6: avx2x4   gen() 24292 MB/s
[    5.284233] raid6: avx2x4   xor()  9369 MB/s
[    5.288442] raid6: using algorithm avx2x4 gen() 24292 MB/s
[    5.292347] raid6: .... xor() 9369 MB/s, rmw enabled
[    5.295640] raid6: using avx2x2 recovery algorithm
[    5.303014] xor: automatically using best checksumming function   avx       
[    5.313360] async_tx: api initialized (async)
done.
Begin: Running /scripts/init-premount ... done.
Begin: Mounting root file system ... Begin: Running /scripts/local-top ... done.
Begin: Running /scripts/local-premount ... [    5.429052] Btrfs loaded, crc32c=crc32c-intel
Scanning for Btrfs filesystems
done.
Warning: fsck not present, so skipping root file system
[    5.513666] EXT4-fs (sda1): mounted filesystem with ordered data mode. Opts: (null)
done.
Begin: Running /scripts/local-bottom ... done.
Begin: Running /scripts/init-bottom ... done.
[    6.204558] ip_tables: (C) 2000-2006 Netfilter Core Team
[    6.264153] systemd[1]: systemd 237 running in system mode. (+PAM +AUDIT +SELINUX +IMA +APPARMOR +SMACK +SYSVINIT +UTMP +LIBCRYPTSETUP +GCRYPT +GNUTLS +ACL +XZ +LZ4 +SECCOMP +BLKID +ELFUTILS +KMOD -IDN2 +IDN -PCRE2 default-hierarchy=hybrid)
[    6.278750] systemd[1]: Detected virtualization oracle.
[    6.282386] systemd[1]: Detected architecture x86-64.

Welcome to [1mUbuntu 18.04.4 LTS[0m!

[    6.297603] systemd[1]: Set hostname to <ubuntu>.
[    6.335148] systemd[1]: Initializing machine ID from random generator.
[    6.339603] systemd[1]: Installed transient /etc/machine-id file.
[    6.850729] systemd[1]: Reached target User and Group Name Lookups.
[[0;32m  OK  [0m] Reached target User and Group Name Lookups.
[    6.856373] systemd[1]: Reached target Swap.
[[0;32m  OK  [0m] Reached target Swap.
[    6.859268] systemd[1]: Set up automount Arbitrary Executable File Formats File System Automount Point.
[[0;32m  OK  [0m] Set up automount Arbitrary Executabâ€¦rmats File System Automount Point.
[    6.866949] systemd[1]: Created slice System Slice.
[[0;32m  OK  [0m] Created slice System Slice.
[[0;32m  OK  [0m] Listening on LVM2 poll daemon socket.
[[0;32m  OK  [0m] Listening on LVM2 metadata daemon socket.
[[0;32m  OK  [0m] Listening on udev Kernel Socket.
[[0;32m  OK  [0m] Listening on udev Control Socket.
[[0;32m  OK  [0m] Listening on /dev/initctl Compatibility Named Pipe.
[[0;32m  OK  [0m] Created slice system-serial\x2dgetty.slice.
[[0;32m  OK  [0m] Started Forward Password Requests to Wall Directory Watch.
[[0;32m  OK  [0m] Listening on Journal Socket.
         Starting Load Kernel Modules...
         Starting Create list of required stâ€¦ce nodes for the current kernel...
         Mounting POSIX Message Queue File System...
         Starting Uncomplicated firewall...
         Starting Remount Root and Kernel File Systems...
         Mounting Kernel Debug File System...
         Mounting Huge Pages File System...
[[0;32m  OK  [0m] Reached target System Time Synchronized.
         Starting udev Coldplug all Devices...
         Starting Set the console keyboard layout...
[[0;32m  OK  [0m] Listening on Network Service Netlink Socket.
[[0;32m  OK  [0m] Listening on Device-mapper event daemon FIFOs.
         Starting Monitoring of LVM2 mirrorsâ€¦ng dmeventd or progress polling...
[    6.941228] Loading iSCSI transport class v2.0-870.
[[0;32m  OK  [0m] Listening on Journal Socket (/dev/log).
[[0;32m  OK  [0m] Created slice User and Session Slice.
[[0;32m  OK  [0m] Reached target Slices.
[    6.950679] iscsi: registered transport (tcp)
[[0;32m  OK  [0m] Listening on Journal Audit Socke[    6.953007] EXT4-fs (sda1): re-mounted. Opts: (null)
t.
[[0;32m  OK  [0m] Listening on Syslog Socket.
         Starting Journal Service...
[[0;32m  OK  [0m] Started Create list of required staâ€¦vice nodes for the current kernel.
[[0;32m  OK  [0m] Mounted POSIX Message Queue File System.
[[0;32m  OK  [0m] Started Uncomplicated firewall.
[[0;32m  OK  [0m] Started Remount Root and Kernel File Systems.
[[0;32m  OK  [0m] Mounted Kernel Debug File System.
[[0;32m  OK  [0m] Mounted Huge Pages File System.
         Starting Load/Save Random Seed...
[    7.019731] iscsi: registered transport (iser)
         Starting Create Static Device Nodes in /dev...
[[0;32m  OK  [0m] Started Load Kernel Modules.
[[0;32m  OK  [0m] Started Journal Service.
         Starting Flush Journal to Persistent Storage...
         Mounting Kernel Configuration File System...
         Mounting FUSE Control File System...
         Starting Apply Kernel Variables...
[[0;32m  OK  [0m] Mounted Kernel Configuration File System.
[[0;32m  OK  [0m] Mounted FUSE Control File System.
[[0;32m  OK  [0m] Started Create Static Device Nodes in /dev.
         Starting udev Kernel Device Manager...
[[0;32m  OK  [0m] Started udev Coldplug all Devices.
[[0;32m  OK  [0m] Started LVM2 metadata daemon.
[[0;32m  OK  [0m] Started Load/Save Random Seed.
[[0;32m  OK  [0m] Started Set the console keyboard layout.
[[0;32m  OK  [0m] Started udev Kernel Device Manager.
[[0;32m  OK  [0m] Started Dispatch Password Requests to Console Directory Watch.
[[0;32m  OK  [0m] Reached target Local Encrypted Volumes.
[[0;32m  OK  [0m] Started Apply Kernel Variables.
[[0;32m  OK  [0m] Started Monitoring of LVM2 mirrors,â€¦sing dmeventd or progress polling.
[[0;32m  OK  [0m] Reached target Local File Systems (Pre).
[[0;32m  OK  [0m] Reached target Local File Systems.
         Starting Commit a transient machine-id on disk...
         Starting ebtables ruleset management...
         Starting Tell Plymouth To Write Out Runtime Data...
         Starting AppArmor initialization...
         Starting Set console font and keymap...
[[0;32m  OK  [0m] Started Flush Journal to Persistent Storage.
         Starting Create Volatile Files and Directories...
[[0;32m  OK  [0m] Started Tell Plymouth To Write Out Runtime Data.
[[0;32m  OK  [0m] Started Set console font and keymap.
[[0;32m  OK  [0m] Started Create Volatile Files and Directories.
[[0;32m  OK  [0m] Started Commit a transient machine-id on disk.
         Starting Update UTMP about System Boot/Shutdown...
[[0;32m  OK  [0m] Started Update UTMP about System Boot/Shutdown.
[[0;32m  OK  [0m] Started ebtables ruleset management.
[[0;32m  OK  [0m] Found device /dev/ttyS0.
[[0;32m  OK  [0m] Listening on Load/Save RF Kill Switch Status /dev/rfkill Watch.
[[0;32m  OK  [0m] Started AppArmor initialization.
         Starting Initial cloud-init job (pre-networking)...
[   10.498241] cloud-init[539]: Cloud-init v. 19.4-33-gbb4131a2-0ubuntu1~18.04.1 running 'init-local' at Tue, 28 Jul 2020 13:15:18 +0000. Up 10.03 seconds.
[[0;32m  OK  [0m] Started Initial cloud-init job (pre-networking).
[[0;32m  OK  [0m] Reached target Network (Pre).
         Starting Network Service...
[[0;32m  OK  [0m] Started Network Service.
         Starting Wait for Network to be Configured...
         Starting Network Name Resolution...
[[0;32m  OK  [0m] Started Network Name Resolution.
[[0;32m  OK  [0m] Reached target Host and Network Name Lookups.
[[0;32m  OK  [0m] Reached target Network.
[[0;32m  OK  [0m] Started Wait for Network to be Configured.
         Starting Initial cloud-init job (metadata service crawler)...
[   12.765649] cloud-init[641]: Cloud-init v. 19.4-33-gbb4131a2-0ubuntu1~18.04.1 running 'init' at Tue, 28 Jul 2020 13:15:20 +0000. Up 12.57 seconds.
[   12.769202] cloud-init[641]: ci-info: +++++++++++++++++++++++++++++++++++++Net device info+++++++++++++++++++++++++++++++++++++
[   12.772748] cloud-init[641]: ci-info: +--------+------+--------------------------+---------------+--------+-------------------+
[   12.776512] cloud-init[641]: ci-info: | Device |  Up  |         Address          |      Mask     | Scope  |     Hw-Address    |
[   12.780287] cloud-init[641]: ci-info: +--------+------+--------------------------+---------------+--------+-------------------+
[   12.784884] cloud-init[641]: ci-info: | enp0s3 | True |        10.0.2.15         | 255.255.255.0 | global | 02:43:0e:00:05:fc |
[   12.788845] cloud-init[641]: ci-info: | enp0s3 | True | fe80::43:eff:fe00:5fc/64 |       .       |  link  | 02:43:0e:00:05:fc |
[   12.792293] cloud-init[641]: ci-info: |   lo   | True |        127.0.0.1         |   255.0.0.0   |  host  |         .         |
[   12.795570] cloud-init[641]: ci-info: |   lo   | True |         ::1/128          |       .       |  host  |         .         |
[   12.798364] cloud-init[641]: ci-info: +--------+------+--------------------------+---------------+--------+-------------------+
[   12.801237] cloud-init[641]: ci-info: ++++++++++++++++++++++++++++Route IPv4 info+++++++++++++++++++++++++++++
[   12.804536] cloud-init[641]: ci-info: +-------+-------------+----------+-----------------+-----------+-------+
[   12.807919] cloud-init[641]: ci-info: | Route | Destination | Gateway  |     Genmask     | Interface | Flags |
[   12.811152] cloud-init[641]: ci-info: +-------+-------------+----------+-----------------+-----------+-------+
[   12.815013] cloud-init[641]: ci-info: |   0   |   0.0.0.0   | 10.0.2.2 |     0.0.0.0     |   enp0s3  |   UG  |
[   12.818526] cloud-init[641]: ci-info: |   1   |   10.0.2.0  | 0.0.0.0  |  255.255.255.0  |   enp0s3  |   U   |
[   12.823108] cloud-init[641]: ci-info: |   2   |   10.0.2.2  | 0.0.0.0  | 255.255.255.255 |   enp0s3  |   UH  |
[   12.826560] cloud-init[641]: ci-info: +-------+-------------+----------+-----------------+-----------+-------+
[   12.829074] cloud-init[641]: ci-info: +++++++++++++++++++Route IPv6 info+++++++++++++++++++
[   12.831302] cloud-init[641]: ci-info: +-------+-------------+---------+-----------+-------+
[   12.834217] cloud-init[641]: ci-info: | Route | Destination | Gateway | Interface | Flags |
[   12.837114] cloud-init[641]: ci-info: +-------+-------------+---------+-----------+-------+
[   12.839763] cloud-init[641]: ci-info: |   1   |  fe80::/64  |    ::   |   enp0s3  |   U   |
[   12.841881] cloud-init[641]: ci-info: |   3   |    local    |    ::   |   enp0s3  |   U   |
[   12.844782] cloud-init[641]: ci-info: |   4   |   ff00::/8  |    ::   |   enp0s3  |   U   |
[   12.847681] cloud-init[641]: ci-info: +-------+-------------+---------+-----------+-------+
[   13.662995] cloud-init[641]: Generating public/private rsa key pair.
[   13.665807] cloud-init[641]: Your identification has been saved in /etc/ssh/ssh_host_rsa_key.
[   13.669406] cloud-init[641]: Your public key has been saved in /etc/ssh/ssh_host_rsa_key.pub.
[   13.673068] cloud-init[641]: The key fingerprint is:
[   13.675253] cloud-init[641]: SHA256:fL84cyLVDk7wtyTwW11TEtMpWIqU0gjkC04Tu/qgaqM root@ubuntu-bionic
[   13.679394] cloud-init[641]: The key's randomart image is:
[   13.682024] cloud-init[641]: +---[RSA 2048]----+
[   13.684409] cloud-init[641]: |   ..o. o.. o.oo.|
[   13.686428] cloud-init[641]: |    +  o.o.....oo|
[   13.688571] cloud-init[641]: |   = .  .. .  ...|
[   13.690402] cloud-init[641]: |  o + ..o      ..|
[   13.691814] cloud-init[641]: |   o .  S=.. . ..|
[   13.693323] cloud-init[641]: |  .      .B.= .  |
[   13.694769] cloud-init[641]: | o       + O..   |
[   13.697287] cloud-init[641]: |.oo     . *.+.   |
[   13.699587] cloud-init[641]: |E ..     ..=.    |
[   13.701562] cloud-init[641]: +----[SHA256]-----+
[   13.703508] cloud-init[641]: Generating public/private dsa key pair.
[   13.706101] cloud-init[641]: Your identification has been saved in /etc/ssh/ssh_host_dsa_key.
[   13.709197] cloud-init[641]: Your public key has been saved in /etc/ssh/ssh_host_dsa_key.pub.
[   13.711675] cloud-init[641]: The key fingerprint is:
[   13.713256] cloud-init[641]: SHA256:B3XkIsQfI5nd79pNYWrkcQRLCH3qVH3Vlhx6MENVdvk root@ubuntu-bionic
[   13.715922] cloud-init[641]: The key's randomart image is:
[   13.717687] cloud-init[641]: +---[DSA 1024]----+
[   13.719168] cloud-init[641]: |       ..=+o=B=o%|
[   13.720878] cloud-init[641]: |       .=.+=oo*B=|
[   13.722359] cloud-init[641]: |        oo.o=+.oo|
[   13.723878] cloud-init[641]: |         o.+ oo+E|
[   13.725420] cloud-init[641]: |        S + o.= .|
[   13.726879] cloud-init[641]: |         . . +. .|
[   13.728527] cloud-init[641]: |            .o o |
[   13.730476] cloud-init[641]: |            . . .|
[   13.732024] cloud-init[[0;32m  OK  [0m] Started Initial cloud-init job (metadata service crawler).
[[0;32m  OK  [0m] Reached target Cloud-config availability.
[[0;32m  OK  [0m] Reached target Network is Online.
[641]: |                 |
[   13.738352] cloud-init[641]: +----[SHA256]-----+
[   13.739838] cloud-init[641]: Generating public/private ecdsa key pair.
         Starting Availability of block devices...
[[0;32m  OK  [0m] Reached target Remote File Systems (Pre).
[[0;32m  OK  [0m] Reached target Remote File Systems.
[[0;32m  OK  [0m] Reached target System Initialization.
[[0;32m  OK  [0m] Started Daily apt download activities.
[[0;32m  OK  [0m] Started Message of the Day.
[[0;32m  OK  [0m] Listening on UUID daemon activation socket.
         Starting Socket activation for snappy daemon.
[[0;32m  OK  [0m] Listening on ACPID Listen Socket.
[[0;32m  OK  [0m] Listening on Open-iSCSI iscsid Socket.
[[0;32m  OK  [0m] Started Daily apt upgrade and clean activities.
[   13.741757] cloud-init[641]: Your identification has been saved in /etc/ssh/ssh_host_ecdsa_key.
         Starting LXD - unix socket.
[   13.779975] cloud-init[641]: Your public key has been saved in /etc/ssh/ssh_host_ecdsa_key.pub.
[[0;32m  OK  [0m] Started ACPI Events Check.
[   13.787841] cloud-init[641]: [[0;32m  OK  [0m] Started Discard unused blocks once a week.
[[0;32m  OK  [0m] Reached target Paths.
[[0;32m  OK  [0m] Started Daily Cleanup of Temporary Directories.
[[0;32m  OK  [0m] Reached target Timers.
[[0;32m  OK  [0m] Listening on D-Bus System Message Bus Socket.
[[0;32m  OK  [0m] Started Availability of block devices.
[[0;32m  OK  [0m] Listening on Socket activation for snappy daemon.
[[0;32m  OK  [0m] Listening on LXD - unix socket.
[[0;32m  OK  [0m] Reached target Sockets.The key fingerprint is:

[   13.805299] [[0;32m  OK  [0m] Reached target Basic System.
cloud-init[641]: [[0;32m  OK  [0m] Started D-Bus System Message Bus.
SHA256:tdTpZbt52/WwfPR27gbyoktTTfWU9OTx5CIm7E3b+MU root@ubuntu-bionic
[   13.810159] cloud-init[641]: The key's randomart image is:
[   13.824948] cloud-init[641]: +---[ECDSA 256]---+
[   13.836680] cloud-init[641]: |              .o*|
[   13.848557] cloud-init[641]: |         . . . O=|
[   13.850681] cloud-init[641]: |          = * = *|
[   13.852440] cloud-init[641]: |         + B X + |
[   13.854504] cloud-init[641]: |        S o * + E|
[   13.856903] cloud-init[641]: |           ....+.|
[   13.860755] cloud-init[641]: |          o  o=o+|
[   13.868347] cloud-init[641]: |         . ....+@|
[   13.887981] cloud-init[641]: |          oo .oB*|
[[0;32m  OK  [0m] Started Deferred execution scheduler.
[   13.896891]          Starting Accounts Service...
cloud-init[641]: +----[SHA256]-----+
[   13.916064]          Starting Login Service...
cloud-init[641]: Generating public/private ed25519 key pair.
[[0;32m  OK  [0m] Started FUSE filesystem for LXC.
[   13.921148] cloud-init[641]: Your identification has been saved in /etc/ssh/ssh_host_ed25519_key.
[   13.940418] cloud-init[641]: Your public key has been saved in /etc/ssh/ssh_host_ed25519_key.pub.
[   13.945626] cloud-init[641]: The key fingerprint is:
[   13.948173] cloud-init[641]: SHA256:jNSnVCYy6tZfsMEIh0sGFHzqgKpu2Xil5/cKNMHIqfA root@ubuntu-bionic
[   13.956619] cloud-init[641]: The key's randomart image is:
[   13.959661] cloud-init[641]: +--[ED25519 256]--+         Starting Dispatcher daemon for systemd-networkd...

[   13.964942] cloud-init[[0;32m  OK  [0m] Started irqbalance daemon.
         Starting LXD - container startup/shutdown...
[[0;32m  OK  [0m] Started Regular background program processing daemon.
[641]:          Starting LSB: automatic crash report generation...
| o+o..+ . o      |
[   13.978462] cloud-init[641]: |  o O+ * +       |         Starting Permit User Sessions...
         Starting System Logging Service...

[   13.987631] cloud-init[641]: |o  O.+o * .      |
[   13.989450] cloud-init[641]: |+.o..o.+ *       |
[   13.991421] cloud-init[641]: |.+E ooo S .      |
[   13.993105] cloud-init[641]: |. ...... .       |
[   13.994575] cloud-init[641]: |. + o.  .        |
[   13.996344] cloud-init[641]: |.+ + ...         |
[   14.003136] cloud-init[641]: |o.. o...o.       |
[   14.005562] cloud-init[641]: +----[SHA256]-----+
         Starting Pollinate to seed the pseudo random number generator...
         Starting Virtualbox guest utils...
         Starting LSB: Record successful boot for GRUB...
         Starting Snappy daemon...
[[0;32m  OK  [0m] Started Permit User Sessions.
[[0;32m  OK  [0m] Started Login Service.
[[0;32m  OK  [0m] Started Unattended Upgrades Shutdown.
         Starting Terminate Plymouth Boot Screen...
         Starting Hold until boot process finishes up...
         Starting Authorization Manager...
[[0;32m  OK  [0m] Started Hold until boot process finishes up.
         Starting Set console scheme...
[[0;32m  OK  [0m] Started Serial Getty on ttyS0.
[[0;32m  OK  [0m] Started System Logging Service.
[[0;32m  OK  [0m] Started Terminate Plymouth Boot Screen.
[[0;32m  OK  [0m] Started Set console scheme.
[[0;32m  OK  [0m] Created slice system-getty.slice.
[[0;32m  OK  [0m] Started Getty on tty1.
[[0;32m  OK  [0m] Reached target Login Prompts.
[[0;32m  OK  [0m] Started LSB: automatic crash report generation.
[[0;32m  OK  [0m] Started LSB: Record successful boot for GRUB.
[[0;32m  OK  [0m] Started Authorization Manager.
[[0;32m  OK  [0m] Started Accounts Service.
[[0;32m  OK  [0m] Started Virtualbox guest utils.
[[0;32m  OK  [0m] Started Dispatcher daemon for systemd-networkd.
[[0;32m  OK  [0m] Started LXD - container startup/shutdown.
[[0;32m  OK  [0m] Started Snappy daemon.
         Starting Wait until snapd is fully seeded...
[[0;32m  OK  [0m] Started Pollinate to seed the pseudo random number generator.
         Starting OpenBSD Secure Shell server...
[[0;32m  OK  [0m] Started OpenBSD Secure Shell server.
[[0;32m  OK  [0m] Created slice User Slice of vagrant.
         Starting User Manager for UID 1000...
[[0;32m  OK  [0m] Started Session 1 of user vagrant.
[[0;32m  OK  [0m] Started User Manager for UID 1000.
[[0;32m  OK  [0m] Started Wait until snapd is fully seeded.
[[0;32m  OK  [0m] Reached target Multi-User System.
[[0;32m  OK  [0m] Reached target Graphical Interface.
         Starting Update UTMP about System Runlevel Changes...
         Starting Apply the settings specified in cloud-config...
[[0;32m  OK  [0m] Started Update UTMP about System Runlevel Changes.
[   18.901724] cloud-init[1165]: Cloud-init v. 19.4-33-gbb4131a2-0ubuntu1~18.04.1 running 'modules:config' at Tue, 28 Jul 2020 13:15:25 +0000. Up 17.75 seconds.
[[0;32m  OK  [0m] Started Apply the settings specified in cloud-config.
         Starting Execute cloud user/final scripts...
ci-info: no authorized SSH keys fingerprints found for user ubuntu.
<14>Jul 28 13:15:28 ec2: 
<14>Jul 28 13:15:28 ec2: #############################################################
<14>Jul 28 13:15:28 ec2: -----BEGIN SSH HOST KEY FINGERPRINTS-----
<14>Jul 28 13:15:28 ec2: 1024 SHA256:B3XkIsQfI5nd79pNYWrkcQRLCH3qVH3Vlhx6MENVdvk root@ubuntu-bionic (DSA)
<14>Jul 28 13:15:28 ec2: 256 SHA256:tdTpZbt52/WwfPR27gbyoktTTfWU9OTx5CIm7E3b+MU root@ubuntu-bionic (ECDSA)
<14>Jul 28 13:15:28 ec2: 256 SHA256:jNSnVCYy6tZfsMEIh0sGFHzqgKpu2Xil5/cKNMHIqfA root@ubuntu-bionic (ED25519)
<14>Jul 28 13:15:28 ec2: 2048 SHA256:fL84cyLVDk7wtyTwW11TEtMpWIqU0gjkC04Tu/qgaqM root@ubuntu-bionic (RSA)
<14>Jul 28 13:15:28 ec2: -----END SSH HOST KEY FINGERPRINTS-----
<14>Jul 28 13:15:28 ec2: #############################################################
-----BEGIN SSH HOST KEY KEYS-----
ecdsa-sha2-nistp256 AAAAE2VjZHNhLXNoYTItbmlzdHAyNTYAAAAIbmlzdHAyNTYAAABBBAbKplNFKgEPR1fYEJLEJN4LE/KvffJIGqUGkRJ6eOP75sXgkM+OVrR/RPKzfdXWAE+7cdBMfHGsx9MMkfIOQUY= root@ubuntu-bionic
ssh-ed25519 AAAAC3NzaC1lZDI1NTE5AAAAIFXvBYNoxygssqPIQ93InR37tNiD2GCOI/4lpg83ZH0E root@ubuntu-bionic
ssh-rsa AAAAB3NzaC1yc2EAAAADAQABAAABAQDg4gQKxLduVE7UoxgbgbMO+78aBMbCpLw9mAXPisfsqMlcL4FFo4YxZiEyAudJyP0AyJjKFhzi3oQxccSCiEWa0nSrCBeuclgcyEW3fDILJ4nOiRTqSg9kOU2eAqOe79/ND8w1b0vPGAWSuDqzPdfsXUT52gNYxsyBWRTMLwQEnQtpcEBmb0rMgepeFbgLEYVGfG/UsKrMmcxfW/Nx0hciLuHRu0c0M7RulwyXBAZKVQ8+Tc2GTLgX0P/mU3PPyniZdoegbH9w4lBvvfW0kRbFUnmzYDYnwmLcmSkt5xLwtETjIQJSEOYJhoFNdbSV3Ha6Fl9mZaJKE+SrW5hFTs5J root@ubuntu-bionic
-----END SSH HOST KEY KEYS-----
[   20.252575] cloud-init[1292]: Cloud-init v. 19.4-33-gbb4131a2-0ubuntu1~18.04.1 running 'modules:final' at Tue, 28 Jul 2020 13:15:28 +0000. Up 19.93 seconds.
[   20.262240] cloud-init[1292]: ci-info: no authorized SSH keys fingerprints found for user ubuntu.
[   20.267492] cloud-init[1292]: Cloud-init v. 19.4-33-gbb4131a2-0ubuntu1~18.04.1 finished at Tue, 28 Jul 2020 13:15:28 +0000. Datasource DataSourceNoCloud [seed=/dev/sdb][dsmode=net].  Up 20.18 seconds

Ubuntu 18.04.4 LTS ubuntu-bionic ttyS0

ubuntu-bionic login: [77161.094539] e1000 0000:00:03.0 enp0s3: Reset adapter
